--------------------------------------------------------------------------------------
Timing Analyzer Summary
--------------------------------------------------------------------------------------

Type           : Worst-case tco
Slack          : N/A
Required Time  : None
Actual Time    : 15.716 ns
From           : xns_pic:u2|num[2]
To             : out_col6[4]
From Clock     : clk
To Clock       : --
Failed Paths   : 0

Type           : Worst-case tpd
Slack          : N/A
Required Time  : None
Actual Time    : 14.054 ns
From           : false
To             : out_col6[4]
From Clock     : --
To Clock       : --
Failed Paths   : 0

Type           : Clock Setup: 'clk'
Slack          : N/A
Required Time  : None
Actual Time    : 125.05 MHz ( period = 7.997 ns )
From           : xns_pic:u2|num[4]
To             : xns_pic:u2|num[9]
From Clock     : clk
To Clock       : clk
Failed Paths   : 0

Type           : Clock Setup: 'yes'
Slack          : N/A
Required Time  : None
Actual Time    : Restricted to 304.04 MHz ( period = 3.289 ns )
From           : xns_add:u1|out_temp[0]
To             : xns_add:u1|out_temp[1]
From Clock     : yes
To Clock       : yes
Failed Paths   : 0

Type           : Total number of failed paths
Slack          : 
Required Time  : 
Actual Time    : 
From           : 
To             : 
From Clock     : 
To Clock       : 
Failed Paths   : 0

--------------------------------------------------------------------------------------

