--------------------------------------------------------------------------------------
Timing Analyzer Summary
--------------------------------------------------------------------------------------

Type           : Worst-case tsu
Slack          : N/A
Required Time  : None
Actual Time    : 1.605 ns
From           : keyin[0]
To             : flag
From Clock     : --
To Clock       : keyin[1]
Failed Paths   : 0

Type           : Worst-case tco
Slack          : N/A
Required Time  : None
Actual Time    : 19.115 ns
From           : coding[3]
To             : keycoding[3]
From Clock     : keyin[0]
To Clock       : --
Failed Paths   : 0

Type           : Worst-case th
Slack          : N/A
Required Time  : None
Actual Time    : 8.796 ns
From           : keyin[1]
To             : coding[1]
From Clock     : --
To Clock       : keyin[0]
Failed Paths   : 0

Type           : Clock Setup: 'clk'
Slack          : N/A
Required Time  : None
Actual Time    : 93.01 MHz ( period = 10.752 ns )
From           : flag
To             : now_state.s2
From Clock     : clk
To Clock       : clk
Failed Paths   : 0

Type           : Clock Hold: 'clk'
Slack          : Not operational: Clock Skew > Data Delay
Required Time  : None
Actual Time    : N/A
From           : now_state.s0
To             : coding[1]
From Clock     : clk
To Clock       : clk
Failed Paths   : 7

Type           : Total number of failed paths
Slack          : 
Required Time  : 
Actual Time    : 
From           : 
To             : 
From Clock     : 
To Clock       : 
Failed Paths   : 7

--------------------------------------------------------------------------------------

